Error: 
Cause: 
Fix: 

-------------------------------------

Error: 
Cause: 
Fix: 

-------------------------------------